option's methods are: 
    ++(1)
    ::(1)
    Option
    asDebugString
    asString
    basicAsString
    isMe(1)
    none
    none$object(1)
    outer
    some(1)
    some(1)$object(1)
    â‰ (1)
import option: 3 run, 0 failed, 0 errors
