Indentation: 8 run, 0 failed, 0 errors
Strings: 3 run, 0 failed, 0 errors
Single line: 2 run, 0 failed, 0 errors
